// Jest Snapshot v1, https://goo.gl/fbAQLP

exports[`CheckpointsStore insertCheckpoints should should execute correct query 1`] = `
Array [
  Array [
    Object {
      "data": Array [
        Object {
          "block_number": 5000,
          "contract_address": "0x0625dc1290b6e936be5f1a3e963cf629326b1f4dfd5a56738dea98e1ad31b7f3",
          "id": "a739beda26",
        },
        Object {
          "block_number": 123222,
          "contract_address": "0x0625dc1290b6e936be5f1a3e963cf629326b1f4dfd5a56738dea98e1ad31b7f3",
          "id": "d2b8dcc2b5",
        },
      ],
      "skipDuplicates": true,
    },
  ],
]
`;
