// Jest Snapshot v1, https://goo.gl/fbAQLP

exports[`createMySqlPool() should use argument string to create connection 1`] = `
[MockFunction] {
  "calls": [
    [
      {
        "bigNumberStrings": true,
        "charset": "utf8mb4",
        "connectTimeout": 30000,
        "database": "string_db",
        "host": "localhost",
        "multipleStatements": true,
        "password": "pass",
        "port": 3306,
        "ssl": undefined,
        "supportBigNumbers": true,
        "user": "root",
      },
    ],
  ],
  "results": [
    {
      "type": "return",
      "value": undefined,
    },
  ],
}
`;
